[backblue.gif]
[fade.gif]
[index.html]
[malind1.jimdo.com/index.html]
[www.malind.co/index.html]
[image.jimcdn.com/app/cms/image/transf/none/path/sa199affb87f300fc/backgroundarea/i3a0c2df1c5e3cb61/version/1488248928/image.jpg]
[assets.jimstatic.com/ckies.js.e606f09425b513091092.js]
[u.jimcdn.com/cms/o/sa199affb87f300fc/layout/dm_bde78093a5d571d1b686f5d19c82e240/css/layout4942.css]
[assets.jimstatic.com/web.css.5198cf957ea1993c1524078bbd1a21c9.css]
[assets.jimstatic.com/web.js.2b25a6727553f5f71ba2.js]
[api.dmp.jimdo-server.com/designs/376/versions/1.0/assets/js/stickyNav.js]
[image.jimcdn.com/app/cms/image/transf/dimension=426x10000_format=png/path/sa199affb87f300fc/image/i6ac5229faf3efde9/version/1493878761/image.png]
[www.malind.co/who-we-are/index.html]
[www.malind.co/our-businesses/index.html]
[www.malind.co/contact-us/index.html]
[www.malind.co/j/privacy.html]
[www.malind.co/about/index.html]
[www.malind.co/j/cookies/policy.html]
[www.malind.co/index.html]
[www.google-analytics.com/ga.js]
[u.jimcdn.com/cms/o/sa199affb87f300fc/layout/dm_bde78093a5d571d1b686f5d19c82e240/css/layout4942.css]
[assets.jimstatic.com/38394ca16133f78363850eb0ebc16c36.eot]
[www.malind.co/sitemap/index.html]
[assets.jimstatic.com/38394ca16133f78363850eb0ebc16c36d41d.eot]
[assets.jimstatic.com/a984717a9f4ef00fa217fc58c3ff86a6.woff]
[assets.jimstatic.com/92d755b23dfbe5bd5ac566c8df9e7827.ttf]
[assets.jimstatic.com/e1ca6e007c91d4ef9ee063940b504870.png]
[assets.jimstatic.com/f7b79a3d76e79248879a74cd4fadbb14.svg]
[assets.jimstatic.com/d32401d55ec237cee50e487c6eefa908.gif]
[assets.jimstatic.com/9e4dc55ad6bdd8b8bafced6241dac621.png]
[assets.jimstatic.com/b257fa9c5ac8c515ac4d77a667ce2943.svg]
[assets.jimstatic.com/web.css.5198cf957ea1993c1524078bbd1a21c9.css]
[image.jimcdn.com/app/cms/image/transf/dimension=400x10000_format=jpg/path/sa199affb87f300fc/image/i560ea7b0f8f08157/version/1488261019/image.jpg]
[image.jimcdn.com/app/cms/image/transf/dimension=262x10000_format=jpg/path/sa199affb87f300fc/image/i596bc99263ec121a/version/1488965105/image.jpg]
[www.malind.co/who-we-are/index.html]
[image.jimcdn.com/app/cms/image/transf/none/path/sa199affb87f300fc/backgroundarea/idf38b04f5df556d0/version/1488248621/image.png]
[image.jimcdn.com/app/cms/image/transf/dimension=142x10000_format=png/path/sa199affb87f300fc/image/i6038db7af6b7d382/version/1490945535/image.png]
[image.jimcdn.com/app/cms/image/transf/dimension=189x10000_format=png/path/sa199affb87f300fc/image/if0e695cfeb824feb/version/1490945802/image.png]
[image.jimcdn.com/app/cms/image/transf/dimension=142x10000_format=jpg/path/sa199affb87f300fc/image/ia8848752132bb91b/version/1490945638/image.jpg]
[image.jimcdn.com/app/cms/image/transf/dimension=140x10000_format=gif/path/sa199affb87f300fc/image/i54b9d6f49f3cc4cb/version/1490945693/image.gif]
[assets.jimstatic.com/s/img/cc/icons/pdf.png]
[www.malind.co/our-businesses/index.html]
[www.malind.co/contact-us/index.html]
[www.malind.co/about/index.html]
[www.malind.co/j/privacy.html]
[www.malind.co/j/cookies/policy.html]
[www.malind.co/sitemap/index.html]
[assets.jimstatic.com/f7b79a3d76e79248879a74cd4fadbb14.svg]
[assets.jimstatic.com/b257fa9c5ac8c515ac4d77a667ce2943.svg]
[www.malind.co/j/cookies/settings.html]
[www.malind.co/j/cookies/settings.html]
[www.malind.co/j/cookies/settings/index.html]
[www.malind.co/j/cookies/settings/index.html]
